node.exe : ΓÜá 
Warning: Next.js 
inferred your 
workspace root, but it 
may not be correct.
At C:\Program Files\nod
ejs\npx.ps1:29 char:3
+   & $NODE_EXE 
$NPX_CLI_JS $args
+   ~~~~~~~~~~~~~~~~~~~
~~~~~~~~~~
    + CategoryInfo     
         : NotSpecifi  
  ed: (ΓÜá Warning:    
 Ne...not be correc    
t.:String) [], Rem    
oteException
    + FullyQualifiedEr 
   rorId : NativeComm  
  andError
 
 We detected multiple 
lockfiles and selected 
the directory of 
D:\Graphology\Master So
ftware\Eduecosystem\pac
kage-lock.json as the 
root directory.
 To silence this 
warning, set 
`turbopack.root` in 
your Next.js config, 
or consider removing 
one of the lockfiles 
if it's not needed.
   See https://nextjs.o
rg/docs/app/api-referen
ce/config/next-config-j
s/turbopack#root-direct
ory for more 
information.
 Detected additional 
lockfiles: 
   * 
D:\Graphology\Master So
ftware\Eduecosystem\fro
ntend\package-lock.json

Γû▓ Next.js 16.1.1 (Turbopack)
- Environments: .env.local

  Creating an optimized production build ...
Γ¿» ERROR: This build 
is using Turbopack, 
with a `webpack` 
config and no 
`turbopack` config.
   This may be a 
mistake.

   As of Next.js 16 
Turbopack is enabled 
by default and
   custom webpack 
configurations may 
need to be migrated to 
Turbopack.

   NOTE: your 
`webpack` config may 
have been added by a 
configuration plugin.

   To configure 
Turbopack, see https://
nextjs.org/docs/app/api
-reference/next-config-
js/turbopack

   TIP: Many 
applications work fine 
under Turbopack with 
no configuration,
   if that is the case 
for you, you can 
silence this error by 
passing the
   `--turbopack` or 
`--webpack` flag 
explicitly or simply 
setting an 
   empty turbopack 
config in your Next 
config file (e.g. 
`turbopack: {}`).

> Build error occurred
Error: Call retries 
were exceeded
    at ignore-listed 
frames {
  type: 'WorkerError'
}
