
> frontend@0.1.0 build
> next build

  Γû▓ Next.js 14.2.18
  - Environments: .env.local

node.exe : 
At C:\Program 
Files\nodejs\npm.ps1:29 char:3
+   & $NODE_EXE $NPM_CLI_JS 
$args
+   
~~~~~~~~~~~~~~~~~~~~~~~~~~~~~
    + CategoryInfo          : N 
   otSpecified: (:String) [],   
  RemoteException
    + FullyQualifiedErrorId : N 
   ativeCommandError
 
> Build error occurred
Error: You cannot use different 
slug names for the same dynamic 
path ('id' !== 'orgId').
    at handleSlug 
(D:\Graphology\Master Software\E
duecosystem\frontend\node_module
s\next\dist\shared\lib\router\ut
ils\sorted-routes.js:94:31)
    at UrlNode._insert 
(D:\Graphology\Master Software\E
duecosystem\frontend\node_module
s\next\dist\shared\lib\router\ut
ils\sorted-routes.js:131:17)
    at UrlNode._insert 
(D:\Graphology\Master Software\E
duecosystem\frontend\node_module
s\next\dist\shared\lib\router\ut
ils\sorted-routes.js:142:40)
    at UrlNode._insert 
(D:\Graphology\Master Software\E
duecosystem\frontend\node_module
s\next\dist\shared\lib\router\ut
ils\sorted-routes.js:142:40)
    at UrlNode.insert 
(D:\Graphology\Master Software\E
duecosystem\frontend\node_module
s\next\dist\shared\lib\router\ut
ils\sorted-routes.js:13:14)
    at D:\Graphology\Master Soft
ware\Eduecosystem\frontend\node_
modules\next\dist\shared\lib\rou
ter\utils\sorted-routes.js:165:4
6
    at Array.forEach 
(<anonymous>)
    at getSortedRoutes 
(D:\Graphology\Master Software\E
duecosystem\frontend\node_module
s\next\dist\shared\lib\router\ut
ils\sorted-routes.js:165:21)
    at D:\Graphology\Master Soft
ware\Eduecosystem\frontend\node_
modules\next\dist\build\index.js
:621:65
    at Span.traceFn 
(D:\Graphology\Master Software\E
duecosystem\frontend\node_module
s\next\dist\trace\trace.js:147:2
0)
