
> frontend@0.1.0 build
> next build --webpack

node.exe : [baseline-browser-mapping] The data in this module 
is over two months old.  To ensure accurate Baseline data, 
please update: `npm i baseline-browser-mapping@latest -D`
At C:\Program Files\nodejs\npm.ps1:29 char:3
+   & $NODE_EXE $NPM_CLI_JS $args
+   ~~~~~~~~~~~~~~~~~~~~~~~~~~~~~
    + CategoryInfo          : NotSpecified: ([baseline-brows.. 
   .ping@latest -D`:String) [], RemoteException
    + FullyQualifiedErrorId : NativeCommandError
 
 ΓÜá Invalid next.config.js options detected: 
 ΓÜá     Unrecognized key(s) in object: 'turbopack' at 
"experimental"
 ΓÜá See more info here: 
https://nextjs.org/docs/messages/invalid-next-config
   Γû▓ Next.js 16.0.5 (webpack)
   - Environments: .env.local
   - Experiments (use with caution):
     ┬╖ optimizePackageImports

   Creating an optimized production build ...
Failed to compile.

./src/components/features/lms/LiveClassCard.tsx
Module not found: Can't resolve '@/components/ui/skeleton'

https://nextjs.org/docs/messages/module-not-found

Import trace for requested module:
./src/app/(dashboard)/lms/courses/[id]/live-classes/page.tsx

./src/pages/AdvancedRevenueAnalytics.tsx
Module not found: Can't resolve '../../services/api'

https://nextjs.org/docs/messages/module-not-found

./src/pages/CheckoutPage.tsx
Error:   [31mx[0m You're importing a component that needs 
`useState`. This React Hook only works in a Client Component. 
To fix, mark the file (or its parent) with the `"use client"` 
directive.
  [31m|[0m
  [31m|[0m  Learn more: 
https://nextjs.org/docs/app/api-reference/directives/use-client
  [31m|[0m

   ,-[[36;1;4mD:\Graphology\Master Software\Eduecosystem\front
end\src\pages\CheckoutPage.tsx[0m:1:1]
 [2m1[0m | import React, { useState, useEffect } from 
"react";
   : [35;1m                ^^^^^^^^[0m
 [2m2[0m | import { useNavigate } from "react-router-dom";
 [2m3[0m | import {
 [2m4[0m |   Box,
   `----
  [31mx[0m You're importing a component that needs 
`useEffect`. This React Hook only works in a Client Component. 
To fix, mark the file (or its parent) with the `"use client"` 
directive.
  [31m|[0m
  [31m|[0m  Learn more: 
https://nextjs.org/docs/app/api-reference/directives/use-client
  [31m|[0m

   ,-[[36;1;4mD:\Graphology\Master Software\Eduecosystem\front
end\src\pages\CheckoutPage.tsx[0m:1:1]
 [2m1[0m | import React, { useState, useEffect } from 
"react";
   : [35;1m                          ^^^^^^^^^[0m
 [2m2[0m | import { useNavigate } from "react-router-dom";
 [2m3[0m | import {
 [2m4[0m |   Box,
   `----

Import trace for requested module:
./src/pages/CheckoutPage.tsx
./src/app/(dashboard)/student/checkout/page.tsx

./src/pages/OrderHistoryPage.tsx
Error:   [31mx[0m You're importing a component that needs 
`useState`. This React Hook only works in a Client Component. 
To fix, mark the file (or its parent) with the `"use client"` 
directive.
  [31m|[0m
  [31m|[0m  Learn more: 
https://nextjs.org/docs/app/api-reference/directives/use-client
  [31m|[0m

   ,-[[36;1;4mD:\Graphology\Master Software\Eduecosystem\front
end\src\pages\OrderHistoryPage.tsx[0m:1:1]
 [2m1[0m | import React, { useState, useEffect } from 
"react";
   : [35;1m                ^^^^^^^^[0m
 [2m2[0m | import { useNavigate } from "react-router-dom";
 [2m3[0m | import {
 [2m4[0m |   Box,
   `----
  [31mx[0m You're importing a component that needs 
`useEffect`. This React Hook only works in a Client Component. 
To fix, mark the file (or its parent) with the `"use client"` 
directive.
  [31m|[0m
  [31m|[0m  Learn more: 
https://nextjs.org/docs/app/api-reference/directives/use-client
  [31m|[0m

   ,-[[36;1;4mD:\Graphology\Master Software\Eduecosystem\front
end\src\pages\OrderHistoryPage.tsx[0m:1:1]
 [2m1[0m | import React, { useState, useEffect } from 
"react";
   : [35;1m                          ^^^^^^^^^[0m
 [2m2[0m | import { useNavigate } from "react-router-dom";
 [2m3[0m | import {
 [2m4[0m |   Box,
   `----

Import trace for requested module:
./src/pages/OrderHistoryPage.tsx
./src/app/(dashboard)/student/orders/page.tsx

./src/pages/Projects/ProjectDetailPage.tsx
Error:   [31mx[0m You're importing a component that needs 
`useState`. This React Hook only works in a Client Component. 
To fix, mark the file (or its parent) with the `"use client"` 
directive.
  [31m|[0m
  [31m|[0m  Learn more: 
https://nextjs.org/docs/app/api-reference/directives/use-client
  [31m|[0m

   ,-[[36;1;4mD:\Graphology\Master Software\Eduecosystem\front
end\src\pages\Projects\ProjectDetailPage.tsx[0m:1:1]
 [2m1[0m | import React, { useState, useEffect } from 
"react";
   : [35;1m                ^^^^^^^^[0m
 [2m2[0m | import { useParams } from "react-router-dom";
 [2m3[0m | import {
 [2m4[0m |   Briefcase,
   `----
  [31mx[0m You're importing a component that needs 
`useEffect`. This React Hook only works in a Client Component. 
To fix, mark the file (or its parent) with the `"use client"` 
directive.
  [31m|[0m
  [31m|[0m  Learn more: 
https://nextjs.org/docs/app/api-reference/directives/use-client
  [31m|[0m

   ,-[[36;1;4mD:\Graphology\Master Software\Eduecosystem\front
end\src\pages\Projects\ProjectDetailPage.tsx[0m:1:1]
 [2m1[0m | import React, { useState, useEffect } from 
"react";
   : [35;1m                          ^^^^^^^^^[0m
 [2m2[0m | import { useParams } from "react-router-dom";
 [2m3[0m | import {
 [2m4[0m |   Briefcase,
   `----

Import trace for requested module:
./src/pages/Projects/ProjectDetailPage.tsx
./src/app/projects/[id]/page.tsx


> Build failed because of webpack errors
